Copyright 1986-2022 Xilinx, Inc. All Rights Reserved. Copyright 2022-2023 Advanced Micro Devices, Inc. All Rights Reserved.
--------------------------------------------------------------------------------------------------------------------------------------------------
| Tool Version      : Vivado v.2023.1 (win64) Build 3865809 Sun May  7 15:05:29 MDT 2023
| Date              : Wed Jun  3 18:10:21 2026
| Host              : Bamguri running 64-bit major release  (build 9200)
| Command           : report_timing_summary -file C:/DSD26_Termproject_Materials/05_SRCNN_88/impl_snapshot/SRCNN_88_timing_summary_impl.rpt
| Design            : design_1_wrapper
| Device            : xck26-sfvc784
| Speed File        : -2LV  PRODUCTION 1.30 05-15-2022
| Design State      : Routed
| Temperature Grade : C
--------------------------------------------------------------------------------------------------------------------------------------------------

Timing Summary Report

------------------------------------------------------------------------------------------------
| Timer Settings
| --------------
------------------------------------------------------------------------------------------------

  Enable Multi Corner Analysis               :  Yes
  Enable Pessimism Removal                   :  Yes
  Pessimism Removal Resolution               :  Nearest Common Node
  Enable Input Delay Default Clock           :  No
  Enable Preset / Clear Arcs                 :  No
  Disable Flight Delays                      :  No
  Ignore I/O Paths                           :  No
  Timing Early Launch at Borrowing Latches   :  No
  Borrow Time for Max Delay Exceptions       :  Yes
  Merge Timing Exceptions                    :  Yes

  Corner  Analyze    Analyze    
  Name    Max Paths  Min Paths  
  ------  ---------  ---------  
  Slow    Yes        Yes        
  Fast    Yes        Yes        


------------------------------------------------------------------------------------------------
| Report Methodology
| ------------------
------------------------------------------------------------------------------------------------

Rule    Severity  Description                Violations  
------  --------  -------------------------  ----------  
DPIR-2  Warning   Asynchronous driver check  16          

Note: This report is based on the most recent report_methodology run and may not be up-to-date. Run report_methodology on the current design for the latest report.



check_timing report

Table of Contents
-----------------
1. checking no_clock (0)
2. checking constant_clock (0)
3. checking pulse_width_clock (0)
4. checking unconstrained_internal_endpoints (0)
5. checking no_input_delay (0)
6. checking no_output_delay (0)
7. checking multiple_clock (0)
8. checking generated_clocks (0)
9. checking loops (0)
10. checking partial_input_delay (0)
11. checking partial_output_delay (0)
12. checking latch_loops (0)

1. checking no_clock (0)
------------------------
 There are 0 register/latch pins with no clock.


2. checking constant_clock (0)
------------------------------
 There are 0 register/latch pins with constant_clock.


3. checking pulse_width_clock (0)
---------------------------------
 There are 0 register/latch pins which need pulse_width check


4. checking unconstrained_internal_endpoints (0)
------------------------------------------------
 There are 0 pins that are not constrained for maximum delay.

 There are 0 pins that are not constrained for maximum delay due to constant clock.


5. checking no_input_delay (0)
------------------------------
 There are 0 input ports with no input delay specified.

 There are 0 input ports with no input delay but user has a false path constraint.


6. checking no_output_delay (0)
-------------------------------
 There are 0 ports with no output delay specified.

 There are 0 ports with no output delay but user has a false path constraint

 There are 0 ports with no output delay but with a timing clock defined on it or propagating through it


7. checking multiple_clock (0)
------------------------------
 There are 0 register/latch pins with multiple clocks.


8. checking generated_clocks (0)
--------------------------------
 There are 0 generated clocks that are not connected to a clock source.


9. checking loops (0)
---------------------
 There are 0 combinational loops in the design.


10. checking partial_input_delay (0)
------------------------------------
 There are 0 input ports with partial input delay specified.


11. checking partial_output_delay (0)
-------------------------------------
 There are 0 ports with partial output delay specified.


12. checking latch_loops (0)
----------------------------
 There are 0 combinational latch loops in the design through latch input



------------------------------------------------------------------------------------------------
| Design Timing Summary
| ---------------------
------------------------------------------------------------------------------------------------

    WNS(ns)      TNS(ns)  TNS Failing Endpoints  TNS Total Endpoints      WHS(ns)      THS(ns)  THS Failing Endpoints  THS Total Endpoints     WPWS(ns)     TPWS(ns)  TPWS Failing Endpoints  TPWS Total Endpoints  
    -------      -------  ---------------------  -------------------      -------      -------  ---------------------  -------------------     --------     --------  ----------------------  --------------------  
      2.012        0.000                      0               430032        0.010        0.000                      0               430032        3.500        0.000                       0                133305  


All user specified timing constraints are met.


------------------------------------------------------------------------------------------------
| Clock Summary
| -------------
------------------------------------------------------------------------------------------------

Clock     Waveform(ns)       Period(ns)      Frequency(MHz)
-----     ------------       ----------      --------------
clk_pl_0  {0.000 5.000}      10.000          100.000         
clk_pl_1  {0.000 5.000}      10.000          100.000         


------------------------------------------------------------------------------------------------
| Intra Clock Table
| -----------------
------------------------------------------------------------------------------------------------

Clock             WNS(ns)      TNS(ns)  TNS Failing Endpoints  TNS Total Endpoints      WHS(ns)      THS(ns)  THS Failing Endpoints  THS Total Endpoints     WPWS(ns)     TPWS(ns)  TPWS Failing Endpoints  TPWS Total Endpoints  
-----             -------      -------  ---------------------  -------------------      -------      -------  ---------------------  -------------------     --------     --------  ----------------------  --------------------  
clk_pl_0            2.012        0.000                      0               310637        0.010        0.000                      0               310637        3.500        0.000                       0                133305  


------------------------------------------------------------------------------------------------
| Inter Clock Table
| -----------------
------------------------------------------------------------------------------------------------

From Clock    To Clock          WNS(ns)      TNS(ns)  TNS Failing Endpoints  TNS Total Endpoints      WHS(ns)      THS(ns)  THS Failing Endpoints  THS Total Endpoints  
----------    --------          -------      -------  ---------------------  -------------------      -------      -------  ---------------------  -------------------  


------------------------------------------------------------------------------------------------
| Other Path Groups Table
| -----------------------
------------------------------------------------------------------------------------------------

Path Group         From Clock         To Clock               WNS(ns)      TNS(ns)  TNS Failing Endpoints  TNS Total Endpoints      WHS(ns)      THS(ns)  THS Failing Endpoints  THS Total Endpoints  
----------         ----------         --------               -------      -------  ---------------------  -------------------      -------      -------  ---------------------  -------------------  
**async_default**  clk_pl_0           clk_pl_0                 6.325        0.000                      0               119395        1.443        0.000                      0               119395  


------------------------------------------------------------------------------------------------
| Timing Details
| --------------
------------------------------------------------------------------------------------------------


---------------------------------------------------------------------------------------------------
From Clock:  clk_pl_0
  To Clock:  clk_pl_0

Setup :            0  Failing Endpoints,  Worst Slack        2.012ns,  Total Violation        0.000ns
Hold  :            0  Failing Endpoints,  Worst Slack        0.010ns,  Total Violation        0.000ns
PW    :            0  Failing Endpoints,  Worst Slack        3.500ns,  Total Violation        0.000ns
---------------------------------------------------------------------------------------------------


Max Delay Paths
--------------------------------------------------------------------------------------
Slack (MET) :             2.012ns  (required time - arrival time)
  Source:                 design_1_i/top_srcnn_0/inst/your_srcnn/u_srcnn_88/u_recursive_controller/o_line_shift_reg/C
                            (rising edge-triggered cell FDCE clocked by clk_pl_0  {rise@0.000ns fall@5.000ns period=10.000ns})
  Destination:            design_1_i/top_srcnn_0/inst/your_srcnn/u_srcnn_88/gen_line_buffer[2].u_line_buffer/r_line_reg[0][247]/CE
                            (rising edge-triggered cell FDCE clocked by clk_pl_0  {rise@0.000ns fall@5.000ns period=10.000ns})
  Path Group:             clk_pl_0
  Path Type:              Setup (Max at Slow Process Corner)
  Requirement:            10.000ns  (clk_pl_0 rise@10.000ns - clk_pl_0 rise@0.000ns)
  Data Path Delay:        7.632ns  (logic 0.266ns (3.485%)  route 7.366ns (96.515%))
  Logic Levels:           1  (LUT4=1)
  Clock Path Skew:        -0.117ns (DCD - SCD + CPR)
    Destination Clock Delay (DCD):    2.942ns = ( 12.942 - 10.000 ) 
    Source Clock Delay      (SCD):    3.256ns
    Clock Pessimism Removal (CPR):    0.197ns
  Clock Uncertainty:      0.160ns  ((TSJ^2 + DJ^2)^1/2) / 2 + PE
    Total System Jitter     (TSJ):    0.071ns
    Discrete Jitter          (DJ):    0.312ns
    Phase Error              (PE):    0.000ns
  Clock Net Delay (Source):      2.989ns (routing 1.681ns, distribution 1.308ns)
  Clock Net Delay (Destination): 2.726ns (routing 1.538ns, distribution 1.188ns)

    Location             Delay type                Incr(ns)  Path(ns)    Netlist Resource(s)
  -------------------------------------------------------------------    -------------------
                         (clock clk_pl_0 rise edge)
                                                      0.000     0.000 r  
    PS8_X0Y0             PS8                          0.000     0.000 r  design_1_i/zynq_ultra_ps_e_0/inst/PS8_i/PLCLK[0]
                         net (fo=1, routed)           0.229     0.229    design_1_i/zynq_ultra_ps_e_0/inst/pl_clk_unbuffered[0]
    BUFG_PS_X0Y90        BUFG_PS (Prop_BUFG_PS_I_O)
                                                      0.038     0.267 r  design_1_i/zynq_ultra_ps_e_0/inst/buffer_pl_clk_0.PL_CLK_0_BUFG/O
    X1Y1 (CLOCK_ROOT)    net (fo=136185, routed)      2.989     3.256    design_1_i/top_srcnn_0/inst/your_srcnn/u_srcnn_88/u_recursive_controller/clk
    SLICE_X34Y109        FDCE                                         r  design_1_i/top_srcnn_0/inst/your_srcnn/u_srcnn_88/u_recursive_controller/o_line_shift_reg/C
  -------------------------------------------------------------------    -------------------
    SLICE_X34Y109        FDCE (Prop_HFF2_SLICEM_C_Q)
                                                      0.114     3.370 r  design_1_i/top_srcnn_0/inst/your_srcnn/u_srcnn_88/u_recursive_controller/o_line_shift_reg/Q
                         net (fo=116848, routed)      3.312     6.682    design_1_i/top_srcnn_0/inst/your_srcnn/u_srcnn_88/u_recursive_controller/o_line_shift
    SLICE_X0Y184         LUT4 (Prop_D5LUT_SLICEL_I3_O)
                                                      0.152     6.834 r  design_1_i/top_srcnn_0/inst/your_srcnn/u_srcnn_88/u_recursive_controller/r_line[0][2431]_i_1__1/O
                         net (fo=2432, routed)        4.054    10.888    design_1_i/top_srcnn_0/inst/your_srcnn/u_srcnn_88/gen_line_buffer[2].u_line_buffer/r_line_reg[0][2431]_0[0]
    SLICE_X39Y9          FDCE                                         r  design_1_i/top_srcnn_0/inst/your_srcnn/u_srcnn_88/gen_line_buffer[2].u_line_buffer/r_line_reg[0][247]/CE
  -------------------------------------------------------------------    -------------------

                         (clock clk_pl_0 rise edge)
                                                     10.000    10.000 r  
    PS8_X0Y0             PS8                          0.000    10.000 r  design_1_i/zynq_ultra_ps_e_0/inst/PS8_i/PLCLK[0]
                         net (fo=1, routed)           0.181    10.181    design_1_i/zynq_ultra_ps_e_0/inst/pl_clk_unbuffered[0]
    BUFG_PS_X0Y90        BUFG_PS (Prop_BUFG_PS_I_O)
                                                      0.035    10.216 r  design_1_i/zynq_ultra_ps_e_0/inst/buffer_pl_clk_0.PL_CLK_0_BUFG/O
    X1Y1 (CLOCK_ROOT)    net (fo=136185, routed)      2.726    12.942    design_1_i/top_srcnn_0/inst/your_srcnn/u_srcnn_88/gen_line_buffer[2].u_line_buffer/clk
    SLICE_X39Y9          FDCE                                         r  design_1_i/top_srcnn_0/inst/your_srcnn/u_srcnn_88/gen_line_buffer[2].u_line_buffer/r_line_reg[0][247]/C
                         clock pessimism              0.197    13.139    
                         clock uncertainty           -0.160    12.979    
    SLICE_X39Y9          FDCE (Setup_DFF_SLICEL_C_CE)
                                                     -0.079    12.900    design_1_i/top_srcnn_0/inst/your_srcnn/u_srcnn_88/gen_line_buffer[2].u_line_buffer/r_line_reg[0][247]
  -------------------------------------------------------------------
                         required time                         12.900    
                         arrival time                         -10.888    
  -------------------------------------------------------------------
                         slack                                  2.012    





Min Delay Paths
--------------------------------------------------------------------------------------
Slack (MET) :             0.010ns  (arrival time - required time)
  Source:                 design_1_i/axi_smc/inst/s00_entry_pipeline/s00_si_converter/inst/converter.wrap_narrow_inst/gen_thread_loop[0].r_payld_fifo/mesg_reg_reg[125]/C
                            (rising edge-triggered cell FDRE clocked by clk_pl_0  {rise@0.000ns fall@5.000ns period=10.000ns})
  Destination:            design_1_i/axi_smc/inst/s00_entry_pipeline/s00_si_converter/inst/converter.wrap_narrow_inst/gen_thread_loop[0].r_shelf_reg[0][125]/D
                            (rising edge-triggered cell FDRE clocked by clk_pl_0  {rise@0.000ns fall@5.000ns period=10.000ns})
  Path Group:             clk_pl_0
  Path Type:              Hold (Min at Slow Process Corner)
  Requirement:            0.000ns  (clk_pl_0 rise@0.000ns - clk_pl_0 rise@0.000ns)
  Data Path Delay:        0.329ns  (logic 0.114ns (34.677%)  route 0.215ns (65.323%))
  Logic Levels:           0  
  Clock Path Skew:        0.216ns (DCD - SCD - CPR)
    Destination Clock Delay (DCD):    3.562ns
    Source Clock Delay      (SCD):    3.152ns
    Clock Pessimism Removal (CPR):    0.194ns
  Clock Net Delay (Source):      2.936ns (routing 1.538ns, distribution 1.398ns)
  Clock Net Delay (Destination): 3.295ns (routing 1.681ns, distribution 1.614ns)

    Location             Delay type                Incr(ns)  Path(ns)    Netlist Resource(s)
  -------------------------------------------------------------------    -------------------
                         (clock clk_pl_0 rise edge)
                                                      0.000     0.000 r  
    PS8_X0Y0             PS8                          0.000     0.000 r  design_1_i/zynq_ultra_ps_e_0/inst/PS8_i/PLCLK[0]
                         net (fo=1, routed)           0.181     0.181    design_1_i/zynq_ultra_ps_e_0/inst/pl_clk_unbuffered[0]
    BUFG_PS_X0Y90        BUFG_PS (Prop_BUFG_PS_I_O)
                                                      0.035     0.216 r  design_1_i/zynq_ultra_ps_e_0/inst/buffer_pl_clk_0.PL_CLK_0_BUFG/O
    X1Y1 (CLOCK_ROOT)    net (fo=136185, routed)      2.936     3.152    design_1_i/axi_smc/inst/s00_entry_pipeline/s00_si_converter/inst/converter.wrap_narrow_inst/gen_thread_loop[0].r_payld_fifo/aclk
    SLICE_X1Y118         FDRE                                         r  design_1_i/axi_smc/inst/s00_entry_pipeline/s00_si_converter/inst/converter.wrap_narrow_inst/gen_thread_loop[0].r_payld_fifo/mesg_reg_reg[125]/C
  -------------------------------------------------------------------    -------------------
    SLICE_X1Y118         FDRE (Prop_EFF2_SLICEM_C_Q)
                                                      0.114     3.266 r  design_1_i/axi_smc/inst/s00_entry_pipeline/s00_si_converter/inst/converter.wrap_narrow_inst/gen_thread_loop[0].r_payld_fifo/mesg_reg_reg[125]/Q
                         net (fo=2, routed)           0.215     3.481    design_1_i/axi_smc/inst/s00_entry_pipeline/s00_si_converter/inst/converter.wrap_narrow_inst/r_payld_i[0]_3[125]
    SLICE_X0Y121         FDRE                                         r  design_1_i/axi_smc/inst/s00_entry_pipeline/s00_si_converter/inst/converter.wrap_narrow_inst/gen_thread_loop[0].r_shelf_reg[0][125]/D
  -------------------------------------------------------------------    -------------------

                         (clock clk_pl_0 rise edge)
                                                      0.000     0.000 r  
    PS8_X0Y0             PS8                          0.000     0.000 r  design_1_i/zynq_ultra_ps_e_0/inst/PS8_i/PLCLK[0]
                         net (fo=1, routed)           0.229     0.229    design_1_i/zynq_ultra_ps_e_0/inst/pl_clk_unbuffered[0]
    BUFG_PS_X0Y90        BUFG_PS (Prop_BUFG_PS_I_O)
                                                      0.038     0.267 r  design_1_i/zynq_ultra_ps_e_0/inst/buffer_pl_clk_0.PL_CLK_0_BUFG/O
    X1Y1 (CLOCK_ROOT)    net (fo=136185, routed)      3.295     3.562    design_1_i/axi_smc/inst/s00_entry_pipeline/s00_si_converter/inst/converter.wrap_narrow_inst/aclk
    SLICE_X0Y121         FDRE                                         r  design_1_i/axi_smc/inst/s00_entry_pipeline/s00_si_converter/inst/converter.wrap_narrow_inst/gen_thread_loop[0].r_shelf_reg[0][125]/C
                         clock pessimism             -0.194     3.368    
    SLICE_X0Y121         FDRE (Hold_FFF2_SLICEL_C_D)
                                                      0.103     3.471    design_1_i/axi_smc/inst/s00_entry_pipeline/s00_si_converter/inst/converter.wrap_narrow_inst/gen_thread_loop[0].r_shelf_reg[0][125]
  -------------------------------------------------------------------
                         required time                         -3.471    
                         arrival time                           3.481    
  -------------------------------------------------------------------
                         slack                                  0.010    





Pulse Width Checks
--------------------------------------------------------------------------------------
Clock Name:         clk_pl_0
Waveform(ns):       { 0.000 5.000 }
Period(ns):         10.000
Sources:            { design_1_i/zynq_ultra_ps_e_0/inst/PS8_i/PLCLK[0] }

Check Type        Corner  Lib Pin          Reference Pin  Required(ns)  Actual(ns)  Slack(ns)  Location  Pin
Min Period        n/a     PS8/MAXIGP0ACLK  n/a            3.000         10.000      7.000      PS8_X0Y0  design_1_i/zynq_ultra_ps_e_0/inst/PS8_i/MAXIGP0ACLK
Low Pulse Width   Slow    PS8/MAXIGP0ACLK  n/a            1.500         5.000       3.500      PS8_X0Y0  design_1_i/zynq_ultra_ps_e_0/inst/PS8_i/MAXIGP0ACLK
High Pulse Width  Slow    PS8/MAXIGP0ACLK  n/a            1.500         5.000       3.500      PS8_X0Y0  design_1_i/zynq_ultra_ps_e_0/inst/PS8_i/MAXIGP0ACLK



---------------------------------------------------------------------------------------------------
Path Group:  **async_default**
From Clock:  clk_pl_0
  To Clock:  clk_pl_0

Setup :            0  Failing Endpoints,  Worst Slack        6.325ns,  Total Violation        0.000ns
Hold  :            0  Failing Endpoints,  Worst Slack        1.443ns,  Total Violation        0.000ns
---------------------------------------------------------------------------------------------------


Max Delay Paths
--------------------------------------------------------------------------------------
Slack (MET) :             6.325ns  (required time - arrival time)
  Source:                 design_1_i/proc_sys_reset_0/U0/ACTIVE_LOW_PR_OUT_DFF[0].FDRE_PER_N_lopt_replica/C
                            (rising edge-triggered cell FDRE clocked by clk_pl_0  {rise@0.000ns fall@5.000ns period=10.000ns})
  Destination:            design_1_i/top_srcnn_0/inst/your_srcnn/u_srcnn_88/gen_line_buffer[4].u_line_buffer/r_scan_reg[0][1292]/CLR
                            (recovery check against rising-edge clock clk_pl_0  {rise@0.000ns fall@5.000ns period=10.000ns})
  Path Group:             **async_default**
  Path Type:              Recovery (Max at Slow Process Corner)
  Requirement:            10.000ns  (clk_pl_0 rise@10.000ns - clk_pl_0 rise@0.000ns)
  Data Path Delay:        3.059ns  (logic 0.160ns (5.231%)  route 2.899ns (94.769%))
  Logic Levels:           1  (BUFGCE=1)
  Clock Path Skew:        -0.363ns (DCD - SCD + CPR)
    Destination Clock Delay (DCD):    2.939ns = ( 12.939 - 10.000 ) 
    Source Clock Delay      (SCD):    3.500ns
    Clock Pessimism Removal (CPR):    0.197ns
  Clock Uncertainty:      0.160ns  ((TSJ^2 + DJ^2)^1/2) / 2 + PE
    Total System Jitter     (TSJ):    0.071ns
    Discrete Jitter          (DJ):    0.312ns
    Phase Error              (PE):    0.000ns
  Clock Net Delay (Source):      3.233ns (routing 1.681ns, distribution 1.552ns)
  Clock Net Delay (Destination): 2.723ns (routing 1.538ns, distribution 1.185ns)

    Location             Delay type                Incr(ns)  Path(ns)    Netlist Resource(s)
  -------------------------------------------------------------------    -------------------
                         (clock clk_pl_0 rise edge)
                                                      0.000     0.000 r  
    PS8_X0Y0             PS8                          0.000     0.000 r  design_1_i/zynq_ultra_ps_e_0/inst/PS8_i/PLCLK[0]
                         net (fo=1, routed)           0.229     0.229    design_1_i/zynq_ultra_ps_e_0/inst/pl_clk_unbuffered[0]
    BUFG_PS_X0Y90        BUFG_PS (Prop_BUFG_PS_I_O)
                                                      0.038     0.267 r  design_1_i/zynq_ultra_ps_e_0/inst/buffer_pl_clk_0.PL_CLK_0_BUFG/O
    X1Y1 (CLOCK_ROOT)    net (fo=136185, routed)      3.233     3.500    design_1_i/proc_sys_reset_0/U0/slowest_sync_clk
    SLICE_X15Y82         FDRE                                         r  design_1_i/proc_sys_reset_0/U0/ACTIVE_LOW_PR_OUT_DFF[0].FDRE_PER_N_lopt_replica/C
  -------------------------------------------------------------------    -------------------
    SLICE_X15Y82         FDRE (Prop_EFF2_SLICEL_C_Q)
                                                      0.116     3.616 r  design_1_i/proc_sys_reset_0/U0/ACTIVE_LOW_PR_OUT_DFF[0].FDRE_PER_N_lopt_replica/Q
                         net (fo=1, routed)           1.263     4.879    design_1_i/proc_sys_reset_0/U0/Q_replN
    BUFGCE_X0Y24         BUFGCE (Prop_BUFCE_BUFGCE_I_O)
                                                      0.044     4.923 r  design_1_i/proc_sys_reset_0/U0/peripheral_aresetn[0]_BUFG_inst/O
                         net (fo=119514, routed)      1.636     6.558    design_1_i/top_srcnn_0/inst/your_srcnn/u_srcnn_88/gen_line_buffer[4].u_line_buffer/r_cnt_reg[8]_1
    SLICE_X35Y53         FDCE                                         f  design_1_i/top_srcnn_0/inst/your_srcnn/u_srcnn_88/gen_line_buffer[4].u_line_buffer/r_scan_reg[0][1292]/CLR  (IS_INVERTED)
  -------------------------------------------------------------------    -------------------

                         (clock clk_pl_0 rise edge)
                                                     10.000    10.000 r  
    PS8_X0Y0             PS8                          0.000    10.000 r  design_1_i/zynq_ultra_ps_e_0/inst/PS8_i/PLCLK[0]
                         net (fo=1, routed)           0.181    10.181    design_1_i/zynq_ultra_ps_e_0/inst/pl_clk_unbuffered[0]
    BUFG_PS_X0Y90        BUFG_PS (Prop_BUFG_PS_I_O)
                                                      0.035    10.216 r  design_1_i/zynq_ultra_ps_e_0/inst/buffer_pl_clk_0.PL_CLK_0_BUFG/O
    X1Y1 (CLOCK_ROOT)    net (fo=136185, routed)      2.723    12.939    design_1_i/top_srcnn_0/inst/your_srcnn/u_srcnn_88/gen_line_buffer[4].u_line_buffer/clk
    SLICE_X35Y53         FDCE                                         r  design_1_i/top_srcnn_0/inst/your_srcnn/u_srcnn_88/gen_line_buffer[4].u_line_buffer/r_scan_reg[0][1292]/C
                         clock pessimism              0.197    13.136    
                         clock uncertainty           -0.160    12.976    
    SLICE_X35Y53         FDCE (Recov_DFF_SLICEM_C_CLR)
                                                     -0.093    12.883    design_1_i/top_srcnn_0/inst/your_srcnn/u_srcnn_88/gen_line_buffer[4].u_line_buffer/r_scan_reg[0][1292]
  -------------------------------------------------------------------
                         required time                         12.883    
                         arrival time                          -6.558    
  -------------------------------------------------------------------
                         slack                                  6.325    





Min Delay Paths
--------------------------------------------------------------------------------------
Slack (MET) :             1.443ns  (arrival time - required time)
  Source:                 design_1_i/proc_sys_reset_0/U0/ACTIVE_LOW_PR_OUT_DFF[0].FDRE_PER_N_lopt_replica/C
                            (rising edge-triggered cell FDRE clocked by clk_pl_0  {rise@0.000ns fall@5.000ns period=10.000ns})
  Destination:            design_1_i/top_srcnn_0/inst/your_srcnn/u_srcnn_88/gen_line_buffer[2].u_line_buffer/r_line_reg[2][2127]/CLR
                            (removal check against rising-edge clock clk_pl_0  {rise@0.000ns fall@5.000ns period=10.000ns})
  Path Group:             **async_default**
  Path Type:              Removal (Min at Fast Process Corner)
  Requirement:            0.000ns  (clk_pl_0 rise@0.000ns - clk_pl_0 rise@0.000ns)
  Data Path Delay:        1.566ns  (logic 0.108ns (6.897%)  route 1.458ns (93.103%))
  Logic Levels:           1  (BUFGCE=1)
  Clock Path Skew:        0.141ns (DCD - SCD - CPR)
    Destination Clock Delay (DCD):    2.192ns
    Source Clock Delay      (SCD):    1.922ns
    Clock Pessimism Removal (CPR):    0.129ns
  Clock Net Delay (Source):      1.771ns (routing 0.940ns, distribution 0.831ns)
  Clock Net Delay (Destination): 2.005ns (routing 1.033ns, distribution 0.972ns)

    Location             Delay type                Incr(ns)  Path(ns)    Netlist Resource(s)
  -------------------------------------------------------------------    -------------------
                         (clock clk_pl_0 rise edge)
                                                      0.000     0.000 r  
    PS8_X0Y0             PS8                          0.000     0.000 r  design_1_i/zynq_ultra_ps_e_0/inst/PS8_i/PLCLK[0]
                         net (fo=1, routed)           0.129     0.129    design_1_i/zynq_ultra_ps_e_0/inst/pl_clk_unbuffered[0]
    BUFG_PS_X0Y90        BUFG_PS (Prop_BUFG_PS_I_O)
                                                      0.022     0.151 r  design_1_i/zynq_ultra_ps_e_0/inst/buffer_pl_clk_0.PL_CLK_0_BUFG/O
    X1Y1 (CLOCK_ROOT)    net (fo=136185, routed)      1.771     1.922    design_1_i/proc_sys_reset_0/U0/slowest_sync_clk
    SLICE_X15Y82         FDRE                                         r  design_1_i/proc_sys_reset_0/U0/ACTIVE_LOW_PR_OUT_DFF[0].FDRE_PER_N_lopt_replica/C
  -------------------------------------------------------------------    -------------------
    SLICE_X15Y82         FDRE (Prop_EFF2_SLICEL_C_Q)
                                                      0.085     2.007 r  design_1_i/proc_sys_reset_0/U0/ACTIVE_LOW_PR_OUT_DFF[0].FDRE_PER_N_lopt_replica/Q
                         net (fo=1, routed)           0.588     2.595    design_1_i/proc_sys_reset_0/U0/Q_replN
    BUFGCE_X0Y24         BUFGCE (Prop_BUFCE_BUFGCE_I_O)
                                                      0.023     2.618 r  design_1_i/proc_sys_reset_0/U0/peripheral_aresetn[0]_BUFG_inst/O
                         net (fo=119514, routed)      0.870     3.488    design_1_i/top_srcnn_0/inst/your_srcnn/u_srcnn_88/gen_line_buffer[2].u_line_buffer/r_cnt_reg[8]_1
    SLICE_X3Y134         FDCE                                         f  design_1_i/top_srcnn_0/inst/your_srcnn/u_srcnn_88/gen_line_buffer[2].u_line_buffer/r_line_reg[2][2127]/CLR  (IS_INVERTED)
  -------------------------------------------------------------------    -------------------

                         (clock clk_pl_0 rise edge)
                                                      0.000     0.000 r  
    PS8_X0Y0             PS8                          0.000     0.000 r  design_1_i/zynq_ultra_ps_e_0/inst/PS8_i/PLCLK[0]
                         net (fo=1, routed)           0.164     0.164    design_1_i/zynq_ultra_ps_e_0/inst/pl_clk_unbuffered[0]
    BUFG_PS_X0Y90        BUFG_PS (Prop_BUFG_PS_I_O)
                                                      0.023     0.187 r  design_1_i/zynq_ultra_ps_e_0/inst/buffer_pl_clk_0.PL_CLK_0_BUFG/O
    X1Y1 (CLOCK_ROOT)    net (fo=136185, routed)      2.005     2.192    design_1_i/top_srcnn_0/inst/your_srcnn/u_srcnn_88/gen_line_buffer[2].u_line_buffer/clk
    SLICE_X3Y134         FDCE                                         r  design_1_i/top_srcnn_0/inst/your_srcnn/u_srcnn_88/gen_line_buffer[2].u_line_buffer/r_line_reg[2][2127]/C
                         clock pessimism             -0.129     2.063    
    SLICE_X3Y134         FDCE (Remov_HFF_SLICEL_C_CLR)
                                                     -0.018     2.045    design_1_i/top_srcnn_0/inst/your_srcnn/u_srcnn_88/gen_line_buffer[2].u_line_buffer/r_line_reg[2][2127]
  -------------------------------------------------------------------
                         required time                         -2.045    
                         arrival time                           3.488    
  -------------------------------------------------------------------
                         slack                                  1.443    





