Copyright 1986-2022 Xilinx, Inc. All Rights Reserved. Copyright 2022-2023 Advanced Micro Devices, Inc. All Rights Reserved.
--------------------------------------------------------------------------------------------------------------------------------------------------
| Tool Version      : Vivado v.2023.1 (win64) Build 3865809 Sun May  7 15:05:29 MDT 2023
| Date              : Sun Jun  7 16:24:23 2026
| Host              : Bamguri running 64-bit major release  (build 9200)
| Command           : report_timing_summary -file C:/DSD26_Termproject_Materials/04_SRCNN_42/impl_snapshot/SRCNN_42_timing_summary_impl.rpt
| Design            : design_1_wrapper
| Device            : xck26-sfvc784
| Speed File        : -2LV  PRODUCTION 1.30 05-15-2022
| Design State      : Routed
| Temperature Grade : C
--------------------------------------------------------------------------------------------------------------------------------------------------

Timing Summary Report

------------------------------------------------------------------------------------------------
| Timer Settings
| --------------
------------------------------------------------------------------------------------------------

  Enable Multi Corner Analysis               :  Yes
  Enable Pessimism Removal                   :  Yes
  Pessimism Removal Resolution               :  Nearest Common Node
  Enable Input Delay Default Clock           :  No
  Enable Preset / Clear Arcs                 :  No
  Disable Flight Delays                      :  No
  Ignore I/O Paths                           :  No
  Timing Early Launch at Borrowing Latches   :  No
  Borrow Time for Max Delay Exceptions       :  Yes
  Merge Timing Exceptions                    :  Yes

  Corner  Analyze    Analyze    
  Name    Max Paths  Min Paths  
  ------  ---------  ---------  
  Slow    Yes        Yes        
  Fast    Yes        Yes        


------------------------------------------------------------------------------------------------
| Report Methodology
| ------------------
------------------------------------------------------------------------------------------------

Rule    Severity  Description                Violations  
------  --------  -------------------------  ----------  
DPIR-2  Warning   Asynchronous driver check  16          

Note: This report is based on the most recent report_methodology run and may not be up-to-date. Run report_methodology on the current design for the latest report.



check_timing report

Table of Contents
-----------------
1. checking no_clock (0)
2. checking constant_clock (0)
3. checking pulse_width_clock (0)
4. checking unconstrained_internal_endpoints (0)
5. checking no_input_delay (0)
6. checking no_output_delay (0)
7. checking multiple_clock (0)
8. checking generated_clocks (0)
9. checking loops (0)
10. checking partial_input_delay (0)
11. checking partial_output_delay (0)
12. checking latch_loops (0)

1. checking no_clock (0)
------------------------
 There are 0 register/latch pins with no clock.


2. checking constant_clock (0)
------------------------------
 There are 0 register/latch pins with constant_clock.


3. checking pulse_width_clock (0)
---------------------------------
 There are 0 register/latch pins which need pulse_width check


4. checking unconstrained_internal_endpoints (0)
------------------------------------------------
 There are 0 pins that are not constrained for maximum delay.

 There are 0 pins that are not constrained for maximum delay due to constant clock.


5. checking no_input_delay (0)
------------------------------
 There are 0 input ports with no input delay specified.

 There are 0 input ports with no input delay but user has a false path constraint.


6. checking no_output_delay (0)
-------------------------------
 There are 0 ports with no output delay specified.

 There are 0 ports with no output delay but user has a false path constraint

 There are 0 ports with no output delay but with a timing clock defined on it or propagating through it


7. checking multiple_clock (0)
------------------------------
 There are 0 register/latch pins with multiple clocks.


8. checking generated_clocks (0)
--------------------------------
 There are 0 generated clocks that are not connected to a clock source.


9. checking loops (0)
---------------------
 There are 0 combinational loops in the design.


10. checking partial_input_delay (0)
------------------------------------
 There are 0 input ports with partial input delay specified.


11. checking partial_output_delay (0)
-------------------------------------
 There are 0 ports with partial output delay specified.


12. checking latch_loops (0)
----------------------------
 There are 0 combinational latch loops in the design through latch input



------------------------------------------------------------------------------------------------
| Design Timing Summary
| ---------------------
------------------------------------------------------------------------------------------------

    WNS(ns)      TNS(ns)  TNS Failing Endpoints  TNS Total Endpoints      WHS(ns)      THS(ns)  THS Failing Endpoints  THS Total Endpoints     WPWS(ns)     TPWS(ns)  TPWS Failing Endpoints  TPWS Total Endpoints  
    -------      -------  ---------------------  -------------------      -------      -------  ---------------------  -------------------     --------     --------  ----------------------  --------------------  
      0.589        0.000                      0               225594        0.010        0.000                      0               225594        3.500        0.000                       0                 72502  


All user specified timing constraints are met.


------------------------------------------------------------------------------------------------
| Clock Summary
| -------------
------------------------------------------------------------------------------------------------

Clock     Waveform(ns)       Period(ns)      Frequency(MHz)
-----     ------------       ----------      --------------
clk_pl_0  {0.000 5.000}      10.000          100.000         
clk_pl_1  {0.000 5.000}      10.000          100.000         


------------------------------------------------------------------------------------------------
| Intra Clock Table
| -----------------
------------------------------------------------------------------------------------------------

Clock             WNS(ns)      TNS(ns)  TNS Failing Endpoints  TNS Total Endpoints      WHS(ns)      THS(ns)  THS Failing Endpoints  THS Total Endpoints     WPWS(ns)     TPWS(ns)  TPWS Failing Endpoints  TPWS Total Endpoints  
-----             -------      -------  ---------------------  -------------------      -------      -------  ---------------------  -------------------     --------     --------  ----------------------  --------------------  
clk_pl_0            0.589        0.000                      0               166504        0.010        0.000                      0               166504        3.500        0.000                       0                 72502  


------------------------------------------------------------------------------------------------
| Inter Clock Table
| -----------------
------------------------------------------------------------------------------------------------

From Clock    To Clock          WNS(ns)      TNS(ns)  TNS Failing Endpoints  TNS Total Endpoints      WHS(ns)      THS(ns)  THS Failing Endpoints  THS Total Endpoints  
----------    --------          -------      -------  ---------------------  -------------------      -------      -------  ---------------------  -------------------  


------------------------------------------------------------------------------------------------
| Other Path Groups Table
| -----------------------
------------------------------------------------------------------------------------------------

Path Group         From Clock         To Clock               WNS(ns)      TNS(ns)  TNS Failing Endpoints  TNS Total Endpoints      WHS(ns)      THS(ns)  THS Failing Endpoints  THS Total Endpoints  
----------         ----------         --------               -------      -------  ---------------------  -------------------      -------      -------  ---------------------  -------------------  
**async_default**  clk_pl_0           clk_pl_0                 6.756        0.000                      0                59090        1.260        0.000                      0                59090  


------------------------------------------------------------------------------------------------
| Timing Details
| --------------
------------------------------------------------------------------------------------------------


---------------------------------------------------------------------------------------------------
From Clock:  clk_pl_0
  To Clock:  clk_pl_0

Setup :            0  Failing Endpoints,  Worst Slack        0.589ns,  Total Violation        0.000ns
Hold  :            0  Failing Endpoints,  Worst Slack        0.010ns,  Total Violation        0.000ns
PW    :            0  Failing Endpoints,  Worst Slack        3.500ns,  Total Violation        0.000ns
---------------------------------------------------------------------------------------------------


Max Delay Paths
--------------------------------------------------------------------------------------
Slack (MET) :             0.589ns  (required time - arrival time)
  Source:                 design_1_i/top_srcnn_0/inst/your_srcnn/u_srcnn42/u_srcnn42_controller/o_line_clear_reg/C
                            (rising edge-triggered cell FDCE clocked by clk_pl_0  {rise@0.000ns fall@5.000ns period=10.000ns})
  Destination:            design_1_i/top_srcnn_0/inst/your_srcnn/u_srcnn42/gen_line_buffer[3].u_srcnn42_line_buffer/r_line_reg[0][1049]/D
                            (rising edge-triggered cell FDCE clocked by clk_pl_0  {rise@0.000ns fall@5.000ns period=10.000ns})
  Path Group:             clk_pl_0
  Path Type:              Setup (Max at Slow Process Corner)
  Requirement:            10.000ns  (clk_pl_0 rise@10.000ns - clk_pl_0 rise@0.000ns)
  Data Path Delay:        9.048ns  (logic 0.195ns (2.155%)  route 8.853ns (97.845%))
  Logic Levels:           1  (LUT4=1)
  Clock Path Skew:        -0.247ns (DCD - SCD + CPR)
    Destination Clock Delay (DCD):    3.007ns = ( 13.007 - 10.000 ) 
    Source Clock Delay      (SCD):    3.506ns
    Clock Pessimism Removal (CPR):    0.252ns
  Clock Uncertainty:      0.160ns  ((TSJ^2 + DJ^2)^1/2) / 2 + PE
    Total System Jitter     (TSJ):    0.071ns
    Discrete Jitter          (DJ):    0.312ns
    Phase Error              (PE):    0.000ns
  Clock Net Delay (Source):      3.239ns (routing 1.681ns, distribution 1.558ns)
  Clock Net Delay (Destination): 2.791ns (routing 1.538ns, distribution 1.253ns)

    Location             Delay type                Incr(ns)  Path(ns)    Netlist Resource(s)
  -------------------------------------------------------------------    -------------------
                         (clock clk_pl_0 rise edge)
                                                      0.000     0.000 r  
    PS8_X0Y0             PS8                          0.000     0.000 r  design_1_i/zynq_ultra_ps_e_0/inst/PS8_i/PLCLK[0]
                         net (fo=1, routed)           0.229     0.229    design_1_i/zynq_ultra_ps_e_0/inst/pl_clk_unbuffered[0]
    BUFG_PS_X0Y90        BUFG_PS (Prop_BUFG_PS_I_O)
                                                      0.038     0.267 r  design_1_i/zynq_ultra_ps_e_0/inst/buffer_pl_clk_0.PL_CLK_0_BUFG/O
    X1Y1 (CLOCK_ROOT)    net (fo=73222, routed)       3.239     3.506    design_1_i/top_srcnn_0/inst/your_srcnn/u_srcnn42/u_srcnn42_controller/clk
    SLICE_X51Y167        FDCE                                         r  design_1_i/top_srcnn_0/inst/your_srcnn/u_srcnn42/u_srcnn42_controller/o_line_clear_reg/C
  -------------------------------------------------------------------    -------------------
    SLICE_X51Y167        FDCE (Prop_EFF_SLICEL_C_Q)
                                                      0.114     3.620 f  design_1_i/top_srcnn_0/inst/your_srcnn/u_srcnn42/u_srcnn42_controller/o_line_clear_reg/Q
                         net (fo=29253, routed)       8.786    12.406    design_1_i/top_srcnn_0/inst/your_srcnn/u_srcnn42/gen_line_buffer[3].u_srcnn42_line_buffer/ctrl_line_clear
    SLICE_X26Y122        LUT4 (Prop_D6LUT_SLICEL_I3_O)
                                                      0.081    12.487 r  design_1_i/top_srcnn_0/inst/your_srcnn/u_srcnn42/gen_line_buffer[3].u_srcnn42_line_buffer/r_line[0][1049]_i_1__2/O
                         net (fo=1, routed)           0.067    12.554    design_1_i/top_srcnn_0/inst/your_srcnn/u_srcnn42/gen_line_buffer[3].u_srcnn42_line_buffer/r_line[0][1049]_i_1__2_n_0
    SLICE_X26Y122        FDCE                                         r  design_1_i/top_srcnn_0/inst/your_srcnn/u_srcnn42/gen_line_buffer[3].u_srcnn42_line_buffer/r_line_reg[0][1049]/D
  -------------------------------------------------------------------    -------------------

                         (clock clk_pl_0 rise edge)
                                                     10.000    10.000 r  
    PS8_X0Y0             PS8                          0.000    10.000 r  design_1_i/zynq_ultra_ps_e_0/inst/PS8_i/PLCLK[0]
                         net (fo=1, routed)           0.181    10.181    design_1_i/zynq_ultra_ps_e_0/inst/pl_clk_unbuffered[0]
    BUFG_PS_X0Y90        BUFG_PS (Prop_BUFG_PS_I_O)
                                                      0.035    10.216 r  design_1_i/zynq_ultra_ps_e_0/inst/buffer_pl_clk_0.PL_CLK_0_BUFG/O
    X1Y1 (CLOCK_ROOT)    net (fo=73222, routed)       2.791    13.007    design_1_i/top_srcnn_0/inst/your_srcnn/u_srcnn42/gen_line_buffer[3].u_srcnn42_line_buffer/clk
    SLICE_X26Y122        FDCE                                         r  design_1_i/top_srcnn_0/inst/your_srcnn/u_srcnn42/gen_line_buffer[3].u_srcnn42_line_buffer/r_line_reg[0][1049]/C
                         clock pessimism              0.252    13.259    
                         clock uncertainty           -0.160    13.099    
    SLICE_X26Y122        FDCE (Setup_DFF_SLICEL_C_D)
                                                      0.044    13.143    design_1_i/top_srcnn_0/inst/your_srcnn/u_srcnn42/gen_line_buffer[3].u_srcnn42_line_buffer/r_line_reg[0][1049]
  -------------------------------------------------------------------
                         required time                         13.143    
                         arrival time                         -12.554    
  -------------------------------------------------------------------
                         slack                                  0.589    





Min Delay Paths
--------------------------------------------------------------------------------------
Slack (MET) :             0.010ns  (arrival time - required time)
  Source:                 design_1_i/top_srcnn_0/inst/your_srcnn/u_srcnn42/gen_line_buffer[1].u_srcnn42_line_buffer/r_scan_reg[1][1345]/C
                            (rising edge-triggered cell FDCE clocked by clk_pl_0  {rise@0.000ns fall@5.000ns period=10.000ns})
  Destination:            design_1_i/top_srcnn_0/inst/your_srcnn/u_srcnn42/gen_line_buffer[1].u_srcnn42_line_buffer/r_scan_reg[1][1377]/D
                            (rising edge-triggered cell FDCE clocked by clk_pl_0  {rise@0.000ns fall@5.000ns period=10.000ns})
  Path Group:             clk_pl_0
  Path Type:              Hold (Min at Slow Process Corner)
  Requirement:            0.000ns  (clk_pl_0 rise@0.000ns - clk_pl_0 rise@0.000ns)
  Data Path Delay:        0.306ns  (logic 0.163ns (53.276%)  route 0.143ns (46.724%))
  Logic Levels:           1  (LUT6=1)
  Clock Path Skew:        0.195ns (DCD - SCD - CPR)
    Destination Clock Delay (DCD):    3.413ns
    Source Clock Delay      (SCD):    2.971ns
    Clock Pessimism Removal (CPR):    0.246ns
  Clock Net Delay (Source):      2.755ns (routing 1.538ns, distribution 1.217ns)
  Clock Net Delay (Destination): 3.146ns (routing 1.681ns, distribution 1.465ns)

    Location             Delay type                Incr(ns)  Path(ns)    Netlist Resource(s)
  -------------------------------------------------------------------    -------------------
                         (clock clk_pl_0 rise edge)
                                                      0.000     0.000 r  
    PS8_X0Y0             PS8                          0.000     0.000 r  design_1_i/zynq_ultra_ps_e_0/inst/PS8_i/PLCLK[0]
                         net (fo=1, routed)           0.181     0.181    design_1_i/zynq_ultra_ps_e_0/inst/pl_clk_unbuffered[0]
    BUFG_PS_X0Y90        BUFG_PS (Prop_BUFG_PS_I_O)
                                                      0.035     0.216 r  design_1_i/zynq_ultra_ps_e_0/inst/buffer_pl_clk_0.PL_CLK_0_BUFG/O
    X1Y1 (CLOCK_ROOT)    net (fo=73222, routed)       2.755     2.971    design_1_i/top_srcnn_0/inst/your_srcnn/u_srcnn42/gen_line_buffer[1].u_srcnn42_line_buffer/clk
    SLICE_X40Y204        FDCE                                         r  design_1_i/top_srcnn_0/inst/your_srcnn/u_srcnn42/gen_line_buffer[1].u_srcnn42_line_buffer/r_scan_reg[1][1345]/C
  -------------------------------------------------------------------    -------------------
    SLICE_X40Y204        FDCE (Prop_GFF_SLICEM_C_Q)
                                                      0.112     3.083 r  design_1_i/top_srcnn_0/inst/your_srcnn/u_srcnn42/gen_line_buffer[1].u_srcnn42_line_buffer/r_scan_reg[1][1345]/Q
                         net (fo=2, routed)           0.112     3.195    design_1_i/top_srcnn_0/inst/your_srcnn/u_srcnn42/gen_line_buffer[1].u_srcnn42_line_buffer/data1__1[1377]
    SLICE_X42Y204        LUT6 (Prop_C6LUT_SLICEL_I3_O)
                                                      0.051     3.246 r  design_1_i/top_srcnn_0/inst/your_srcnn/u_srcnn42/gen_line_buffer[1].u_srcnn42_line_buffer/r_scan[1][1377]_i_1__0/O
                         net (fo=1, routed)           0.031     3.277    design_1_i/top_srcnn_0/inst/your_srcnn/u_srcnn42/gen_line_buffer[1].u_srcnn42_line_buffer/r_scan[1][1377]_i_1__0_n_0
    SLICE_X42Y204        FDCE                                         r  design_1_i/top_srcnn_0/inst/your_srcnn/u_srcnn42/gen_line_buffer[1].u_srcnn42_line_buffer/r_scan_reg[1][1377]/D
  -------------------------------------------------------------------    -------------------

                         (clock clk_pl_0 rise edge)
                                                      0.000     0.000 r  
    PS8_X0Y0             PS8                          0.000     0.000 r  design_1_i/zynq_ultra_ps_e_0/inst/PS8_i/PLCLK[0]
                         net (fo=1, routed)           0.229     0.229    design_1_i/zynq_ultra_ps_e_0/inst/pl_clk_unbuffered[0]
    BUFG_PS_X0Y90        BUFG_PS (Prop_BUFG_PS_I_O)
                                                      0.038     0.267 r  design_1_i/zynq_ultra_ps_e_0/inst/buffer_pl_clk_0.PL_CLK_0_BUFG/O
    X1Y1 (CLOCK_ROOT)    net (fo=73222, routed)       3.146     3.413    design_1_i/top_srcnn_0/inst/your_srcnn/u_srcnn42/gen_line_buffer[1].u_srcnn42_line_buffer/clk
    SLICE_X42Y204        FDCE                                         r  design_1_i/top_srcnn_0/inst/your_srcnn/u_srcnn42/gen_line_buffer[1].u_srcnn42_line_buffer/r_scan_reg[1][1377]/C
                         clock pessimism             -0.246     3.166    
    SLICE_X42Y204        FDCE (Hold_CFF_SLICEL_C_D)
                                                      0.101     3.267    design_1_i/top_srcnn_0/inst/your_srcnn/u_srcnn42/gen_line_buffer[1].u_srcnn42_line_buffer/r_scan_reg[1][1377]
  -------------------------------------------------------------------
                         required time                         -3.267    
                         arrival time                           3.277    
  -------------------------------------------------------------------
                         slack                                  0.010    





Pulse Width Checks
--------------------------------------------------------------------------------------
Clock Name:         clk_pl_0
Waveform(ns):       { 0.000 5.000 }
Period(ns):         10.000
Sources:            { design_1_i/zynq_ultra_ps_e_0/inst/PS8_i/PLCLK[0] }

Check Type        Corner  Lib Pin          Reference Pin  Required(ns)  Actual(ns)  Slack(ns)  Location  Pin
Min Period        n/a     PS8/MAXIGP0ACLK  n/a            3.000         10.000      7.000      PS8_X0Y0  design_1_i/zynq_ultra_ps_e_0/inst/PS8_i/MAXIGP0ACLK
Low Pulse Width   Slow    PS8/MAXIGP0ACLK  n/a            1.500         5.000       3.500      PS8_X0Y0  design_1_i/zynq_ultra_ps_e_0/inst/PS8_i/MAXIGP0ACLK
High Pulse Width  Slow    PS8/MAXIGP0ACLK  n/a            1.500         5.000       3.500      PS8_X0Y0  design_1_i/zynq_ultra_ps_e_0/inst/PS8_i/MAXIGP0ACLK



---------------------------------------------------------------------------------------------------
Path Group:  **async_default**
From Clock:  clk_pl_0
  To Clock:  clk_pl_0

Setup :            0  Failing Endpoints,  Worst Slack        6.756ns,  Total Violation        0.000ns
Hold  :            0  Failing Endpoints,  Worst Slack        1.260ns,  Total Violation        0.000ns
---------------------------------------------------------------------------------------------------


Max Delay Paths
--------------------------------------------------------------------------------------
Slack (MET) :             6.756ns  (required time - arrival time)
  Source:                 design_1_i/proc_sys_reset_0/U0/ACTIVE_LOW_PR_OUT_DFF[0].FDRE_PER_N_lopt_replica/C
                            (rising edge-triggered cell FDRE clocked by clk_pl_0  {rise@0.000ns fall@5.000ns period=10.000ns})
  Destination:            design_1_i/top_srcnn_0/inst/your_srcnn/u_srcnn42/gen_line_buffer[2].u_srcnn42_line_buffer/r_line_reg[0][143]/CLR
                            (recovery check against rising-edge clock clk_pl_0  {rise@0.000ns fall@5.000ns period=10.000ns})
  Path Group:             **async_default**
  Path Type:              Recovery (Max at Slow Process Corner)
  Requirement:            10.000ns  (clk_pl_0 rise@10.000ns - clk_pl_0 rise@0.000ns)
  Data Path Delay:        2.723ns  (logic 0.157ns (5.767%)  route 2.566ns (94.233%))
  Logic Levels:           1  (BUFGCE=1)
  Clock Path Skew:        -0.268ns (DCD - SCD + CPR)
    Destination Clock Delay (DCD):    2.985ns = ( 12.985 - 10.000 ) 
    Source Clock Delay      (SCD):    3.447ns
    Clock Pessimism Removal (CPR):    0.194ns
  Clock Uncertainty:      0.160ns  ((TSJ^2 + DJ^2)^1/2) / 2 + PE
    Total System Jitter     (TSJ):    0.071ns
    Discrete Jitter          (DJ):    0.312ns
    Phase Error              (PE):    0.000ns
  Clock Net Delay (Source):      3.180ns (routing 1.681ns, distribution 1.499ns)
  Clock Net Delay (Destination): 2.769ns (routing 1.538ns, distribution 1.231ns)

    Location             Delay type                Incr(ns)  Path(ns)    Netlist Resource(s)
  -------------------------------------------------------------------    -------------------
                         (clock clk_pl_0 rise edge)
                                                      0.000     0.000 r  
    PS8_X0Y0             PS8                          0.000     0.000 r  design_1_i/zynq_ultra_ps_e_0/inst/PS8_i/PLCLK[0]
                         net (fo=1, routed)           0.229     0.229    design_1_i/zynq_ultra_ps_e_0/inst/pl_clk_unbuffered[0]
    BUFG_PS_X0Y90        BUFG_PS (Prop_BUFG_PS_I_O)
                                                      0.038     0.267 r  design_1_i/zynq_ultra_ps_e_0/inst/buffer_pl_clk_0.PL_CLK_0_BUFG/O
    X1Y1 (CLOCK_ROOT)    net (fo=73222, routed)       3.180     3.447    design_1_i/proc_sys_reset_0/U0/slowest_sync_clk
    SLICE_X20Y92         FDRE                                         r  design_1_i/proc_sys_reset_0/U0/ACTIVE_LOW_PR_OUT_DFF[0].FDRE_PER_N_lopt_replica/C
  -------------------------------------------------------------------    -------------------
    SLICE_X20Y92         FDRE (Prop_EFF_SLICEM_C_Q)
                                                      0.113     3.560 r  design_1_i/proc_sys_reset_0/U0/ACTIVE_LOW_PR_OUT_DFF[0].FDRE_PER_N_lopt_replica/Q
                         net (fo=1, routed)           0.892     4.452    design_1_i/proc_sys_reset_0/U0/Q_replN
    BUFGCE_X0Y24         BUFGCE (Prop_BUFCE_BUFGCE_I_O)
                                                      0.044     4.496 r  design_1_i/proc_sys_reset_0/U0/peripheral_aresetn[0]_BUFG_inst/O
                         net (fo=59209, routed)       1.674     6.170    design_1_i/top_srcnn_0/inst/your_srcnn/u_srcnn42/gen_line_buffer[2].u_srcnn42_line_buffer/r_scan_reg[2][2415]_1
    SLICE_X35Y238        FDCE                                         f  design_1_i/top_srcnn_0/inst/your_srcnn/u_srcnn42/gen_line_buffer[2].u_srcnn42_line_buffer/r_line_reg[0][143]/CLR  (IS_INVERTED)
  -------------------------------------------------------------------    -------------------

                         (clock clk_pl_0 rise edge)
                                                     10.000    10.000 r  
    PS8_X0Y0             PS8                          0.000    10.000 r  design_1_i/zynq_ultra_ps_e_0/inst/PS8_i/PLCLK[0]
                         net (fo=1, routed)           0.181    10.181    design_1_i/zynq_ultra_ps_e_0/inst/pl_clk_unbuffered[0]
    BUFG_PS_X0Y90        BUFG_PS (Prop_BUFG_PS_I_O)
                                                      0.035    10.216 r  design_1_i/zynq_ultra_ps_e_0/inst/buffer_pl_clk_0.PL_CLK_0_BUFG/O
    X1Y1 (CLOCK_ROOT)    net (fo=73222, routed)       2.769    12.985    design_1_i/top_srcnn_0/inst/your_srcnn/u_srcnn42/gen_line_buffer[2].u_srcnn42_line_buffer/clk
    SLICE_X35Y238        FDCE                                         r  design_1_i/top_srcnn_0/inst/your_srcnn/u_srcnn42/gen_line_buffer[2].u_srcnn42_line_buffer/r_line_reg[0][143]/C
                         clock pessimism              0.194    13.179    
                         clock uncertainty           -0.160    13.019    
    SLICE_X35Y238        FDCE (Recov_DFF_SLICEM_C_CLR)
                                                     -0.093    12.926    design_1_i/top_srcnn_0/inst/your_srcnn/u_srcnn42/gen_line_buffer[2].u_srcnn42_line_buffer/r_line_reg[0][143]
  -------------------------------------------------------------------
                         required time                         12.926    
                         arrival time                          -6.170    
  -------------------------------------------------------------------
                         slack                                  6.756    





Min Delay Paths
--------------------------------------------------------------------------------------
Slack (MET) :             1.260ns  (arrival time - required time)
  Source:                 design_1_i/proc_sys_reset_0/U0/ACTIVE_LOW_PR_OUT_DFF[0].FDRE_PER_N_lopt_replica/C
                            (rising edge-triggered cell FDRE clocked by clk_pl_0  {rise@0.000ns fall@5.000ns period=10.000ns})
  Destination:            design_1_i/top_srcnn_0/inst/your_srcnn/u_srcnn42/gen_line_buffer[3].u_srcnn42_line_buffer/r_scan_reg[0][1294]/CLR
                            (removal check against rising-edge clock clk_pl_0  {rise@0.000ns fall@5.000ns period=10.000ns})
  Path Group:             **async_default**
  Path Type:              Removal (Min at Fast Process Corner)
  Requirement:            0.000ns  (clk_pl_0 rise@0.000ns - clk_pl_0 rise@0.000ns)
  Data Path Delay:        1.398ns  (logic 0.105ns (7.511%)  route 1.293ns (92.489%))
  Logic Levels:           1  (BUFGCE=1)
  Clock Path Skew:        0.156ns (DCD - SCD - CPR)
    Destination Clock Delay (DCD):    2.183ns
    Source Clock Delay      (SCD):    1.898ns
    Clock Pessimism Removal (CPR):    0.129ns
  Clock Net Delay (Source):      1.747ns (routing 0.940ns, distribution 0.807ns)
  Clock Net Delay (Destination): 1.996ns (routing 1.033ns, distribution 0.963ns)

    Location             Delay type                Incr(ns)  Path(ns)    Netlist Resource(s)
  -------------------------------------------------------------------    -------------------
                         (clock clk_pl_0 rise edge)
                                                      0.000     0.000 r  
    PS8_X0Y0             PS8                          0.000     0.000 r  design_1_i/zynq_ultra_ps_e_0/inst/PS8_i/PLCLK[0]
                         net (fo=1, routed)           0.129     0.129    design_1_i/zynq_ultra_ps_e_0/inst/pl_clk_unbuffered[0]
    BUFG_PS_X0Y90        BUFG_PS (Prop_BUFG_PS_I_O)
                                                      0.022     0.151 r  design_1_i/zynq_ultra_ps_e_0/inst/buffer_pl_clk_0.PL_CLK_0_BUFG/O
    X1Y1 (CLOCK_ROOT)    net (fo=73222, routed)       1.747     1.898    design_1_i/proc_sys_reset_0/U0/slowest_sync_clk
    SLICE_X20Y92         FDRE                                         r  design_1_i/proc_sys_reset_0/U0/ACTIVE_LOW_PR_OUT_DFF[0].FDRE_PER_N_lopt_replica/C
  -------------------------------------------------------------------    -------------------
    SLICE_X20Y92         FDRE (Prop_EFF_SLICEM_C_Q)
                                                      0.082     1.980 r  design_1_i/proc_sys_reset_0/U0/ACTIVE_LOW_PR_OUT_DFF[0].FDRE_PER_N_lopt_replica/Q
                         net (fo=1, routed)           0.427     2.407    design_1_i/proc_sys_reset_0/U0/Q_replN
    BUFGCE_X0Y24         BUFGCE (Prop_BUFCE_BUFGCE_I_O)
                                                      0.023     2.430 r  design_1_i/proc_sys_reset_0/U0/peripheral_aresetn[0]_BUFG_inst/O
                         net (fo=59209, routed)       0.866     3.296    design_1_i/top_srcnn_0/inst/your_srcnn/u_srcnn42/gen_line_buffer[3].u_srcnn42_line_buffer/rstn
    SLICE_X6Y164         FDCE                                         f  design_1_i/top_srcnn_0/inst/your_srcnn/u_srcnn42/gen_line_buffer[3].u_srcnn42_line_buffer/r_scan_reg[0][1294]/CLR  (IS_INVERTED)
  -------------------------------------------------------------------    -------------------

                         (clock clk_pl_0 rise edge)
                                                      0.000     0.000 r  
    PS8_X0Y0             PS8                          0.000     0.000 r  design_1_i/zynq_ultra_ps_e_0/inst/PS8_i/PLCLK[0]
                         net (fo=1, routed)           0.164     0.164    design_1_i/zynq_ultra_ps_e_0/inst/pl_clk_unbuffered[0]
    BUFG_PS_X0Y90        BUFG_PS (Prop_BUFG_PS_I_O)
                                                      0.023     0.187 r  design_1_i/zynq_ultra_ps_e_0/inst/buffer_pl_clk_0.PL_CLK_0_BUFG/O
    X1Y1 (CLOCK_ROOT)    net (fo=73222, routed)       1.996     2.183    design_1_i/top_srcnn_0/inst/your_srcnn/u_srcnn42/gen_line_buffer[3].u_srcnn42_line_buffer/clk
    SLICE_X6Y164         FDCE                                         r  design_1_i/top_srcnn_0/inst/your_srcnn/u_srcnn42/gen_line_buffer[3].u_srcnn42_line_buffer/r_scan_reg[0][1294]/C
                         clock pessimism             -0.129     2.054    
    SLICE_X6Y164         FDCE (Remov_HFF_SLICEL_C_CLR)
                                                     -0.018     2.036    design_1_i/top_srcnn_0/inst/your_srcnn/u_srcnn42/gen_line_buffer[3].u_srcnn42_line_buffer/r_scan_reg[0][1294]
  -------------------------------------------------------------------
                         required time                         -2.036    
                         arrival time                           3.296    
  -------------------------------------------------------------------
                         slack                                  1.260    





