Copyright 1986-2022 Xilinx, Inc. All Rights Reserved. Copyright 2022-2023 Advanced Micro Devices, Inc. All Rights Reserved.
---------------------------------------------------------------------------------------------------------------------------------------------
| Tool Version : Vivado v.2023.1 (win64) Build 3865809 Sun May  7 15:05:29 MDT 2023
| Date         : Thu Jun  4 20:38:46 2026
| Host         : Bamguri running 64-bit major release  (build 9200)
| Command      : report_utilization -file C:/DSD26_Termproject_Materials/06_SRCNN_84/impl_snapshot/SRCNN_84_utilization_impl.rpt
| Design       : design_1_wrapper
| Device       : xck26-sfvc784-2LV-c
| Speed File   : -2LV
| Design State : Routed
---------------------------------------------------------------------------------------------------------------------------------------------

Utilization Design Information

Table of Contents
-----------------
1. CLB Logic
1.1 Summary of Registers by Type
2. CLB Logic Distribution
3. BLOCKRAM
4. ARITHMETIC
5. I/O
6. CLOCK
7. ADVANCED
8. CONFIGURATION
9. Primitives
10. Black Boxes
11. Instantiated Netlists

1. CLB Logic
------------

+----------------------------+-------+-------+------------+-----------+-------+
|          Site Type         |  Used | Fixed | Prohibited | Available | Util% |
+----------------------------+-------+-------+------------+-----------+-------+
| CLB LUTs                   | 40977 |     0 |          0 |    117120 | 34.99 |
|   LUT as Logic             | 39162 |     0 |          0 |    117120 | 33.44 |
|   LUT as Memory            |  1815 |     0 |          0 |     57600 |  3.15 |
|     LUT as Distributed RAM |   992 |     0 |            |           |       |
|     LUT as Shift Register  |   823 |     0 |            |           |       |
| CLB Registers              | 79469 |     0 |          0 |    234240 | 33.93 |
|   Register as Flip Flop    | 79469 |     0 |          0 |    234240 | 33.93 |
|   Register as Latch        |     0 |     0 |          0 |    234240 |  0.00 |
| CARRY8                     |   838 |     0 |          0 |     14640 |  5.72 |
| F7 Muxes                   |  7904 |     0 |          0 |     58560 | 13.50 |
| F8 Muxes                   |  3744 |     0 |          0 |     29280 | 12.79 |
| F9 Muxes                   |     0 |     0 |          0 |     14640 |  0.00 |
+----------------------------+-------+-------+------------+-----------+-------+
* Warning! LUT value is adjusted to account for LUT combining.


1.1 Summary of Registers by Type
--------------------------------

+-------+--------------+-------------+--------------+
| Total | Clock Enable | Synchronous | Asynchronous |
+-------+--------------+-------------+--------------+
| 0     |            _ |           - |            - |
| 0     |            _ |           - |          Set |
| 0     |            _ |           - |        Reset |
| 0     |            _ |         Set |            - |
| 0     |            _ |       Reset |            - |
| 0     |          Yes |           - |            - |
| 2     |          Yes |           - |          Set |
| 69260 |          Yes |           - |        Reset |
| 368   |          Yes |         Set |            - |
| 9839  |          Yes |       Reset |            - |
+-------+--------------+-------------+--------------+


2. CLB Logic Distribution
-------------------------

+--------------------------------------------+-------+-------+------------+-----------+-------+
|                  Site Type                 |  Used | Fixed | Prohibited | Available | Util% |
+--------------------------------------------+-------+-------+------------+-----------+-------+
| CLB                                        | 11814 |     0 |          0 |     14640 | 80.70 |
|   CLBL                                     |  5817 |     0 |            |           |       |
|   CLBM                                     |  5997 |     0 |            |           |       |
| LUT as Logic                               | 39162 |     0 |          0 |    117120 | 33.44 |
|   using O5 output only                     |   362 |       |            |           |       |
|   using O6 output only                     | 32902 |       |            |           |       |
|   using O5 and O6                          |  5898 |       |            |           |       |
| LUT as Memory                              |  1815 |     0 |          0 |     57600 |  3.15 |
|   LUT as Distributed RAM                   |   992 |     0 |            |           |       |
|     using O5 output only                   |     0 |       |            |           |       |
|     using O6 output only                   |     8 |       |            |           |       |
|     using O5 and O6                        |   984 |       |            |           |       |
|   LUT as Shift Register                    |   823 |     0 |            |           |       |
|     using O5 output only                   |     0 |       |            |           |       |
|     using O6 output only                   |   823 |       |            |           |       |
|     using O5 and O6                        |     0 |       |            |           |       |
| CLB Registers                              | 79469 |     0 |          0 |    234240 | 33.93 |
|   Register driven from within the CLB      | 11620 |       |            |           |       |
|   Register driven from outside the CLB     | 67849 |       |            |           |       |
|     LUT in front of the register is unused | 42676 |       |            |           |       |
|     LUT in front of the register is used   | 25173 |       |            |           |       |
| Unique Control Sets                        |  2658 |       |          0 |     29280 |  9.08 |
+--------------------------------------------+-------+-------+------------+-----------+-------+
* * Note: Available Control Sets calculated as Slices * 2, Review the Control Sets Report for more information regarding control sets.


3. BLOCKRAM
-----------

+-------------------+------+-------+------------+-----------+-------+
|     Site Type     | Used | Fixed | Prohibited | Available | Util% |
+-------------------+------+-------+------------+-----------+-------+
| Block RAM Tile    |   33 |     0 |          0 |       144 | 22.92 |
|   RAMB36/FIFO*    |   32 |     0 |          0 |       144 | 22.22 |
|     RAMB36E2 only |   32 |       |            |           |       |
|   RAMB18          |    2 |     0 |          0 |       288 |  0.69 |
|     RAMB18E2 only |    2 |       |            |           |       |
| URAM              |    5 |     0 |          0 |        64 |  7.81 |
+-------------------+------+-------+------------+-----------+-------+
* Note: Each Block RAM Tile only has one FIFO logic available and therefore can accommodate only one FIFO36E2 or one FIFO18E2. However, if a FIFO18E2 occupies a Block RAM Tile, that tile can still accommodate a RAMB18E2


4. ARITHMETIC
-------------

+----------------+------+-------+------------+-----------+-------+
|    Site Type   | Used | Fixed | Prohibited | Available | Util% |
+----------------+------+-------+------------+-----------+-------+
| DSPs           |  397 |     0 |          0 |      1248 | 31.81 |
|   DSP48E2 only |  397 |       |            |           |       |
+----------------+------+-------+------------+-----------+-------+


5. I/O
------

+------------------+------+-------+------------+-----------+-------+
|     Site Type    | Used | Fixed | Prohibited | Available | Util% |
+------------------+------+-------+------------+-----------+-------+
| Bonded IOB       |    0 |     0 |          0 |       189 |  0.00 |
| HPIOB_M          |    0 |     0 |          0 |        58 |  0.00 |
| HPIOB_S          |    0 |     0 |          0 |        58 |  0.00 |
| HDIOB_M          |    0 |     0 |          0 |        35 |  0.00 |
| HDIOB_S          |    0 |     0 |          0 |        35 |  0.00 |
| HPIOB_SNGL       |    0 |     0 |          0 |         3 |  0.00 |
| HPIOBDIFFINBUF   |    0 |     0 |          0 |        82 |  0.00 |
| HPIOBDIFFOUTBUF  |    0 |     0 |          0 |        82 |  0.00 |
| HDIOBDIFFINBUF   |    0 |     0 |          0 |        35 |  0.00 |
| BITSLICE_CONTROL |    0 |     0 |          0 |        32 |  0.00 |
| BITSLICE_RX_TX   |    0 |     0 |          0 |      1248 |  0.00 |
| BITSLICE_TX      |    0 |     0 |          0 |        32 |  0.00 |
| RIU_OR           |    0 |     0 |          0 |        16 |  0.00 |
+------------------+------+-------+------------+-----------+-------+


6. CLOCK
--------

+----------------------+------+-------+------------+-----------+-------+
|       Site Type      | Used | Fixed | Prohibited | Available | Util% |
+----------------------+------+-------+------------+-----------+-------+
| GLOBAL CLOCK BUFFERs |    3 |     0 |          0 |       352 |  0.85 |
|   BUFGCE             |    2 |     0 |          0 |       112 |  1.79 |
|   BUFGCE_DIV         |    0 |     0 |          0 |        16 |  0.00 |
|   BUFG_GT            |    0 |     0 |          0 |        96 |  0.00 |
|   BUFG_PS            |    1 |     0 |          0 |        96 |  1.04 |
|   BUFGCTRL*          |    0 |     0 |          0 |        32 |  0.00 |
| PLL                  |    0 |     0 |          0 |         8 |  0.00 |
| MMCM                 |    0 |     0 |          0 |         4 |  0.00 |
+----------------------+------+-------+------------+-----------+-------+
* Note: Each used BUFGCTRL counts as two GLOBAL CLOCK BUFFERs. This table does not include global clocking resources, only buffer cell usage. See the Clock Utilization Report (report_clock_utilization) for detailed accounting of global clocking resource availability.


7. ADVANCED
-----------

+-----------------+------+-------+------------+-----------+--------+
|    Site Type    | Used | Fixed | Prohibited | Available |  Util% |
+-----------------+------+-------+------------+-----------+--------+
| GTHE4_CHANNEL   |    0 |     0 |          0 |         4 |   0.00 |
| GTHE4_COMMON    |    0 |     0 |          0 |         1 |   0.00 |
| OBUFDS_GTE4     |    0 |     0 |          0 |         2 |   0.00 |
| OBUFDS_GTE4_ADV |    0 |     0 |          0 |         2 |   0.00 |
| PCIE40E4        |    0 |     0 |          0 |         2 |   0.00 |
| PS8             |    1 |     0 |          0 |         1 | 100.00 |
| SYSMONE4        |    0 |     0 |          0 |         1 |   0.00 |
| VCU             |    0 |     0 |          0 |         1 |   0.00 |
+-----------------+------+-------+------------+-----------+--------+


8. CONFIGURATION
----------------

+-------------+------+-------+------------+-----------+-------+
|  Site Type  | Used | Fixed | Prohibited | Available | Util% |
+-------------+------+-------+------------+-----------+-------+
| BSCANE2     |    0 |     0 |          0 |         4 |  0.00 |
| DNA_PORTE2  |    0 |     0 |          0 |         1 |  0.00 |
| EFUSE_USR   |    0 |     0 |          0 |         1 |  0.00 |
| FRAME_ECCE4 |    0 |     0 |          0 |         1 |  0.00 |
| ICAPE3      |    0 |     0 |          0 |         2 |  0.00 |
| MASTER_JTAG |    0 |     0 |          0 |         1 |  0.00 |
| STARTUPE3   |    0 |     0 |          0 |         1 |  0.00 |
+-------------+------+-------+------------+-----------+-------+


9. Primitives
-------------

+----------+-------+---------------------+
| Ref Name |  Used | Functional Category |
+----------+-------+---------------------+
| FDCE     | 69260 |            Register |
| LUT6     | 21843 |                 CLB |
| FDRE     |  9839 |            Register |
| LUT4     |  8472 |                 CLB |
| MUXF7    |  7904 |                 CLB |
| LUT5     |  6333 |                 CLB |
| LUT3     |  6324 |                 CLB |
| MUXF8    |  3744 |                 CLB |
| LUT2     |  1742 |                 CLB |
| RAMD32   |  1730 |                 CLB |
| CARRY8   |   838 |                 CLB |
| SRLC32E  |   550 |                 CLB |
| DSP48E2  |   397 |          Arithmetic |
| FDSE     |   368 |            Register |
| LUT1     |   346 |                 CLB |
| SRL16E   |   273 |                 CLB |
| RAMS32   |   246 |                 CLB |
| RAMB36E2 |    32 |            BLOCKRAM |
| URAM288  |     5 |            BLOCKRAM |
| RAMB18E2 |     2 |            BLOCKRAM |
| FDPE     |     2 |            Register |
| BUFGCE   |     2 |               Clock |
| PS8      |     1 |            Advanced |
| BUFG_PS  |     1 |               Clock |
+----------+-------+---------------------+


10. Black Boxes
---------------

+----------+------+
| Ref Name | Used |
+----------+------+


11. Instantiated Netlists
-------------------------

+------------------------------+------+
|           Ref Name           | Used |
+------------------------------+------+
| design_1_zynq_ultra_ps_e_0_0 |    1 |
| design_1_uram_sdp_0_0        |    1 |
| design_1_top_srcnn_0_0       |    1 |
| design_1_proc_sys_reset_0_0  |    1 |
| design_1_axi_smc_0           |    1 |
| design_1_axi_gpio_0_0        |    1 |
| design_1_axi_bram_ctrl_0_0   |    1 |
+------------------------------+------+


